
   PASS  Tests\Unit\ExampleTest
  Γ£ô that true is tΓÇª 0.02s  

   PASS  Tests\Feature\AdminDashboardTest
  Γ£ô admin can viewΓÇª 0.48s  

   PASS  Tests\Feature\Auth\AuthenticationTest
  Γ£ô login screen cΓÇª 0.03s  
  Γ£ô users can authΓÇª 0.05s  
  Γ£ô users can notΓÇª  0.24s  
  Γ£ô users can logoΓÇª 0.02s  

   PASS  Tests\Feature\Auth\EmailVerificationTest
  Γ£ô email verificaΓÇª 0.03s  
  Γ£ô email can be vΓÇª 0.03s  
  Γ£ô email is not vΓÇª 0.03s  

   PASS  Tests\Feature\Auth\PasswordConfirmationTest
  Γ£ô confirm passwoΓÇª 0.03s  
  Γ£ô password can bΓÇª 0.02s  
  Γ£ô password is noΓÇª 0.23s  

   PASS  Tests\Feature\Auth\PasswordResetTest
  Γ£ô reset passwordΓÇª 0.03s  
  Γ£ô reset passwordΓÇª 0.23s  
  Γ£ô reset passwordΓÇª 0.25s  
  Γ£ô password can bΓÇª 0.24s  

   PASS  Tests\Feature\Auth\PasswordUpdateTest
  Γ£ô password can bΓÇª 0.03s  
  Γ£ô correct passwoΓÇª 0.02s  

   PASS  Tests\Feature\Auth\RegistrationTest
  Γ£ô registration sΓÇª 0.03s  
  Γ£ô new users canΓÇª  0.02s  

   PASS  Tests\Feature\ExampleTest
  Γ£ô it returns a sΓÇª 0.03s  

   FAIL  Tests\Feature\ProfileTest
  Γ£ô profile page iΓÇª 0.04s  
  Γ¿» profile informΓÇª 0.03s  
  Γ£ô email verificaΓÇª 0.02s  
  Γ£ô user can deletΓÇª 0.02s  
  Γ¿» correct passwoΓÇª 0.02s  

   PASS  Tests\Feature\SearchTest
  Γ£ô search stories  0.03s  
  Γ£ô filter storiesΓÇª 0.03s  

   PASS  Tests\Feature\StoryTest
  Γ£ô admin can creaΓÇª 0.06s  
  Γ£ô public can vieΓÇª 0.04s  

   PASS  Tests\Feature\UserFeatureTest
  Γ£ô user can bookmΓÇª 0.03s  
  Γ£ô user can rateΓÇª  0.02s  
  Γ£ô view history iΓÇª 0.03s  
  Γ£ô feedback submiΓÇª 0.02s  
  ΓöÇΓöÇΓöÇΓöÇΓöÇΓöÇΓöÇΓöÇΓöÇΓöÇΓöÇΓöÇΓöÇΓöÇΓöÇΓöÇΓöÇΓöÇΓöÇΓöÇΓöÇΓöÇΓöÇ  
   FAILED  Tests\FeaturΓÇª   
  Failed asserting that Illuminate\Support\Carbon Object #7021 (
    'endOfTime' => false,
    'startOfTime' => false,
    'constructedObjectId' => '0000000000001b6d0000000000000000',
    'clock' => null,
    'localMonthsOverflow' => null,
    'localYearsOverflow' => null,
    'localStrictModeEnabled' => null,
    'localHumanDiffOptions' => null,
    'localToStringFormat' => null,
    'localSerializer' => null,
    'localMacros' => null,
    'localGenericMacros' => null,
    'localFormatFunction' => null,
    'localTranslator' => null,
    'dumpProperties' => Array &0 [
        0 => 'date',
        1 => 'timezone_type',
        2 => 'timezone',
    ],
    'dumpLocale' => null,
    'dumpDateProperties' => null,
    'date' => '2026-02-14 17:30:46.000000',
    'timezone_type' => 3,
    'timezone' => 'UTC',
) is null.

  at tests\Feature\ProfileTest.php:33
     29Γûò     $user->refresh();
     30Γûò 
     31Γûò     $this->assertSame('Test User', $user->name);
     32Γûò     $this->assertSame('test@example.com', $user->email);
  Γ₧£  33Γûò     $this->assertNull($user->email_verified_at);
     34Γûò });
     35Γûò 
     36Γûò test('email verification status is unchanged when the email address is unchanged', function () {
     37Γûò     $user = User::factory()->create();

  1   tests\Feature\ProfileTest.php:33

  ΓöÇΓöÇΓöÇΓöÇΓöÇΓöÇΓöÇΓöÇΓöÇΓöÇΓöÇΓöÇΓöÇΓöÇΓöÇΓöÇΓöÇΓöÇΓöÇΓöÇΓöÇΓöÇΓöÇ  
   FAILED  Tests\FeaturΓÇª   
  Session missing error: password
Failed asserting that false is true.

The following errors occurred during the last request:

The password is incorrect.

  at tests\Feature\ProfileTest.php:81
     77Γûò             'password' => 'wrong-password',
     78Γûò         ]);
     79Γûò 
     80Γûò     $response
  Γ₧£  81Γûò         ->assertSessionHasErrorsIn('userDeletion', 'password')
     82Γûò         ->assertRedirect('/profile');
     83Γûò 
     84Γûò     $this->assertNotNull($user->fresh());
     85Γûò });


  Tests:    2 failed, 32 passed (83 assertions)
  Duration: 2.75s

